[www.classcentral.com/index.html]
[backblue.gif]
[fade.gif]
[index.html]
[www.classcentral.com/apple-touch-icon.png]
[www.classcentral.com/favicon-32x32.png]
[www.classcentral.com/favicon-16x16.png]
[www.classcentral.com/site.webmanifest]
[www.classcentral.com/opensearch.xml]
[www.classcentral.com/images/illustrations/homepage-discover-01.1a.delayed]
[ccweb.imgix.net/https_/www.classcentral.com/images/best-courses/mini-banner-best-of-all-time3e68.png]
[ccweb.imgix.net/https_/www.classcentral.com/images/best-courses/mini-banner-most-popular-of-all-time0931.png]
[ccweb.imgix.net/https_/www.classcentral.com/images/collections/collection-coursera-free-coursesd038.png]
[ccweb.imgix.net/https_/www.classcentral.com/images/collections/collection-ivy-league-moocs-social5b92.jpg]
[ccweb.imgix.net/https_/www.classcentral.com/images/collections/collection-free-certificates7462.png]
[www.classcentral.com/index.html]
[www.classcentral.com/safari-pinned-tab.svg]
[ccweb.imgix.net/https_/www.classcentral.com/images/collections/collection-google-certsa0be.png]
[ccweb.imgix.net/https_/www.classcentral.com/images/lists/list-empty6407.png]
[ccweb.imgix.net/https_/www.classcentral.com/report/wp-content/uploads/2023/01/2022-year-in-review-bannera34a.png]
[ccweb.imgix.net/https_/www.classcentral.com/images/illustrations/learning-illustration-black-history-month-01b6a2.png]
[ccweb.imgix.net/https_/www.classcentral.com/images/icon-free-certificates1174.png]
[ccweb.imgix.net/https_/www.classcentral.com/images/icon-ivy-league6438.png]
[ccweb.imgix.net/https_/www.classcentral.com/images/logos/institutions/stanford-trn-sq17f6.png]
[ccweb.imgix.net/https_/www.classcentral.com/images/icon-best-all-time6b4b.png]
[ccweb.imgix.net/https_/www.classcentral.com/images/icon-csaed6.png]
[ccweb.imgix.net/https_/www.classcentral.com/images/icon-sustainability9a1a.png]
[ccweb.imgix.net/https_/www.classcentral.com/images/logos/institutions/mit-trn-sqf645.png]
[ccweb.imgix.net/https_/www.classcentral.com/images/logos/institutions/google-trn-sqffa8.png]
[ccweb.imgix.net/https_/www.classcentral.com/images/logos/institutions/amazon-trn-sqc0bb.png]
[ccweb.imgix.net/https_/www.classcentral.com/images/icon-business39ff.png]
[ccweb.imgix.net/https_/www.classcentral.com/images/logos/homepage/harvard24a9.png]
[ccweb.imgix.net/https_/www.classcentral.com/images/promobar/deale4ca.svg]
[ccweb.imgix.net/https_/www.classcentral.com/images/logos/homepage/stanford5813.png]
[www.classcentral.com/images/illustrations/homepage-discover-01.html]
[ccweb.imgix.net/https_/www.classcentral.com/images/logos/homepage/iit-kharagpurbad5.png]
[ccweb.imgix.net/https_/www.classcentral.com/images/logos/homepage/mit7179.png]
[ccweb.imgix.net/https_/www.classcentral.com/images/logos/homepage/ricec4e3.png]
[ccweb.imgix.net/https_/www.classcentral.com/images/logos/homepage/iitm5204.png]
[ccweb.imgix.net/https_/www.classcentral.com/images/logos/homepage/columbia9b1a.png]
[ccweb.imgix.net/https_/www.classcentral.com/images/logos/homepage/cornella27f.png]
[ccweb.imgix.net/https_/www.classcentral.com/images/logos/homepage/edinburgh47df.png]
[ccweb.imgix.net/https_/www.classcentral.com/images/logos/homepage/purdue21f6.png]
[ccweb.imgix.net/https_/www.classcentral.com/images/logos/homepage/pennab51.png]
[ccweb.imgix.net/https_/www.classcentral.com/images/logos/homepage/dukedf08.png]
[ccweb.imgix.net/https_/www.classcentral.com/images/logos/homepage/umichb05a.png]
[ccweb.imgix.net/https_/www.classcentral.com/images/logos/providers/coursera-trn-sqc43d.png]
[ccweb.imgix.net/https_/www.classcentral.com/images/logos/providers/futurelearn-trn-sq1970.png]
[ccweb.imgix.net/https_/www.classcentral.com/images/logos/providers/edx-trn-sq7d7a.png]
[ccweb.imgix.net/https_/www.classcentral.com/images/logos/providers/udemy-trn-sqd9e7.png]
[ccweb.imgix.net/https_/www.classcentral.com/images/logos/providers/swayam-trn-sqb82e.png]
[ccweb.imgix.net/https_/www.classcentral.com/images/logos/providers/skillshare-trn-sqad55.png]
[ccweb.imgix.net/https_/www.classcentral.com/images/logos/providers/linkedin-learning-trn-sq6510.png]
[ccweb.imgix.net/https_/www.classcentral.com/images/logos/homepage/google26e5.png]
[ccweb.imgix.net/https_/www.classcentral.com/images/logos/homepage/amazon11a8.png]
[ccweb.imgix.net/https_/www.classcentral.com/images/logos/homepage/microsoftca5a.png]
[ccweb.imgix.net/https_/www.classcentral.com/images/logos/homepage/ibm7639.png]
[ccweb.imgix.net/https_/www.classcentral.com/images/logos/homepage/smithsonian0cee.png]
[ccweb.imgix.net/https_/www.classcentral.com/images/logos/homepage/united-nationsaaac.png]
[ccweb.imgix.net/https_/www.classcentral.com/images/logos/homepage/british-councilbe04.png]
[ccweb.imgix.net/https_/www.classcentral.com/images/best-courses/mini-banner-best-of-all-time992b.png]
[ccweb.imgix.net/https_/www.classcentral.com/images/best-courses/mini-banner-best-of-2022a427.png]
[ccweb.imgix.net/https_/www.classcentral.com/report/wp-content/uploads/2021/02/coursera-free-coursesccc4.png]
[ccweb.imgix.net/https_/www.classcentral.com/report/wp-content/uploads/2023/02/Resume-Writing-BCG-Banner6802.png]
[ccweb.imgix.net/https_/www.classcentral.com/report/wp-content/uploads/2023/02/DaVinci-Resolve-BCG-Bannerb69f.png]
[ccweb.imgix.net/https_/www.classcentral.com/report/wp-content/uploads/2023/02/OCaml-BCG-Bannerefde.png]
[ccweb.imgix.net/https_/www.classcentral.com/report/wp-content/uploads/2023/02/Prolog-BCG-Bannerfcfa.png]
[ccweb.imgix.net/https_/www.classcentral.com/report/wp-content/uploads/2023/02/ASL-BCG-Bannerdfd1.png]
[ccweb.imgix.net/https_/www.classcentral.com/images/collections/collection-india-ugc-approved-online-degrees7238.png]
[ccweb.imgix.net/https_/www.classcentral.com/images/collections/collections-udemy-top-coursesa8d4.png]
[ccweb.imgix.net/https_/www.classcentral.com/images/collections/collection-earn-a-masters-degree-social3f9b.png]
[static.getclicky.com/js]
[ccweb.imgix.net/https_/www.classcentral.com/images/collections/collection-microcredentials-socialc08f.png]
[in.getclicky.com/100717250ns.gif]
[ccweb.imgix.net/https_/www.classcentral.com/images/collections/collection-ivy-league-moocs-social9f0a.jpg]
[ccweb.imgix.net/https_/www.classcentral.com/images/collections/collection-most-popular-all-time-social611f.png]
